[    1666ms] [LOG] [Telegram.WebView] > postEvent web_app_set_header_color {color_key: bg_color} @ https://telegram.org/js/telegram-web-app.js:134
[    1666ms] [LOG] [Telegram.WebView] > postEvent web_app_set_bottom_bar_color {color: #ffffff} @ https://telegram.org/js/telegram-web-app.js:134
[    1667ms] [LOG] [Telegram.WebView] > postEvent web_app_request_theme  @ https://telegram.org/js/telegram-web-app.js:134
[    1667ms] [LOG] [Telegram.WebView] > postEvent web_app_request_viewport  @ https://telegram.org/js/telegram-web-app.js:134
[    1667ms] [LOG] [Telegram.WebView] > postEvent web_app_request_safe_area  @ https://telegram.org/js/telegram-web-app.js:134
[    1667ms] [LOG] [Telegram.WebView] > postEvent web_app_request_content_safe_area  @ https://telegram.org/js/telegram-web-app.js:134
[    1696ms] [INFO] %cDownload the React DevTools for a better development experience: https://react.dev/link/react-devtools font-weight:bold @ https://dev.misoapps.com/_next/static/chunks/node_modules_next_dist_115brz8._.js:2431
[    1902ms] [LOG] [HMR] connected @ https://dev.misoapps.com/_next/static/chunks/node_modules_next_dist_115brz8._.js:2431
[    2012ms] [LOG] [Fast Refresh] rebuilding @ https://dev.misoapps.com/_next/static/chunks/node_modules_next_dist_115brz8._.js:2431
[    2033ms] [LOG] [Fast Refresh] done in 121ms @ https://dev.misoapps.com/_next/static/chunks/node_modules_next_dist_115brz8._.js:2431
[   15767ms] [LOG] [Telegram.WebView] > postEvent web_app_set_header_color {color_key: bg_color} @ https://telegram.org/js/telegram-web-app.js:134
[   15767ms] [LOG] [Telegram.WebView] > postEvent web_app_set_bottom_bar_color {color: #ffffff} @ https://telegram.org/js/telegram-web-app.js:134
[   15767ms] [LOG] [Telegram.WebView] > postEvent web_app_request_theme  @ https://telegram.org/js/telegram-web-app.js:134
[   15767ms] [LOG] [Telegram.WebView] > postEvent web_app_request_viewport  @ https://telegram.org/js/telegram-web-app.js:134
[   15767ms] [LOG] [Telegram.WebView] > postEvent web_app_request_safe_area  @ https://telegram.org/js/telegram-web-app.js:134
[   15767ms] [LOG] [Telegram.WebView] > postEvent web_app_request_content_safe_area  @ https://telegram.org/js/telegram-web-app.js:134
[   15772ms] [INFO] %cDownload the React DevTools for a better development experience: https://react.dev/link/react-devtools font-weight:bold @ https://dev.misoapps.com/_next/static/chunks/node_modules_next_dist_115brz8._.js:2431
[   15931ms] [LOG] [HMR] connected @ https://dev.misoapps.com/_next/static/chunks/node_modules_next_dist_115brz8._.js:2431
[   16057ms] [WARNING] The width(-1) and height(-1) of chart should be greater than 0,
       please check the style of container, or the props width(100%) and height(100%),
       or add a minWidth(0) or minHeight(undefined) or use aspect(undefined) to control the
       height and width. @ https://dev.misoapps.com/_next/static/chunks/node_modules_next_dist_115brz8._.js:2431
[   16058ms] [WARNING] The width(-1) and height(-1) of chart should be greater than 0,
       please check the style of container, or the props width(100%) and height(100%),
       or add a minWidth(0) or minHeight(undefined) or use aspect(undefined) to control the
       height and width. @ https://dev.misoapps.com/_next/static/chunks/node_modules_next_dist_115brz8._.js:2431
[   49048ms] [WARNING] Detected `scroll-behavior: smooth` on the `<html>` element. To disable smooth scrolling during route transitions, add `data-scroll-behavior="smooth"` to your <html> element. Learn more: https://nextjs.org/docs/messages/missing-data-scroll-behavior @ https://dev.misoapps.com/_next/static/chunks/node_modules_next_dist_115brz8._.js:2431
