[    1270ms] [LOG] [Telegram.WebView] > postEvent web_app_set_header_color {color_key: bg_color} @ https://telegram.org/js/telegram-web-app.js:134
[    1270ms] [LOG] [Telegram.WebView] > postEvent web_app_set_bottom_bar_color {color: #ffffff} @ https://telegram.org/js/telegram-web-app.js:134
[    1270ms] [LOG] [Telegram.WebView] > postEvent web_app_request_theme  @ https://telegram.org/js/telegram-web-app.js:134
[    1270ms] [LOG] [Telegram.WebView] > postEvent web_app_request_viewport  @ https://telegram.org/js/telegram-web-app.js:134
[    1270ms] [LOG] [Telegram.WebView] > postEvent web_app_request_safe_area  @ https://telegram.org/js/telegram-web-app.js:134
[    1270ms] [LOG] [Telegram.WebView] > postEvent web_app_request_content_safe_area  @ https://telegram.org/js/telegram-web-app.js:134
[    1290ms] [INFO] %cDownload the React DevTools for a better development experience: https://react.dev/link/react-devtools font-weight:bold @ http://localhost:3000/_next/static/chunks/node_modules_next_dist_115brz8._.js:2431
[    1334ms] [LOG] [HMR] connected @ http://localhost:3000/_next/static/chunks/node_modules_next_dist_115brz8._.js:2431
[    1441ms] [LOG] [Fast Refresh] rebuilding @ http://localhost:3000/_next/static/chunks/node_modules_next_dist_115brz8._.js:2431
[    1467ms] [LOG] [Fast Refresh] done in 126ms @ http://localhost:3000/_next/static/chunks/node_modules_next_dist_115brz8._.js:2431
[    2347ms] [INFO] Banner not shown: beforeinstallpromptevent.preventDefault() called. The page must call beforeinstallpromptevent.prompt() to show the banner. @ http://localhost:3000/login:0
[   14461ms] [LOG] [Telegram.WebView] > postEvent web_app_set_header_color {color_key: bg_color} @ https://telegram.org/js/telegram-web-app.js:134
[   14461ms] [LOG] [Telegram.WebView] > postEvent web_app_set_bottom_bar_color {color: #ffffff} @ https://telegram.org/js/telegram-web-app.js:134
[   14461ms] [LOG] [Telegram.WebView] > postEvent web_app_request_theme  @ https://telegram.org/js/telegram-web-app.js:134
[   14461ms] [LOG] [Telegram.WebView] > postEvent web_app_request_viewport  @ https://telegram.org/js/telegram-web-app.js:134
[   14461ms] [LOG] [Telegram.WebView] > postEvent web_app_request_safe_area  @ https://telegram.org/js/telegram-web-app.js:134
[   14461ms] [LOG] [Telegram.WebView] > postEvent web_app_request_content_safe_area  @ https://telegram.org/js/telegram-web-app.js:134
[   14465ms] [INFO] %cDownload the React DevTools for a better development experience: https://react.dev/link/react-devtools font-weight:bold @ http://localhost:3000/_next/static/chunks/node_modules_next_dist_115brz8._.js:2431
[   14476ms] [LOG] [HMR] connected @ http://localhost:3000/_next/static/chunks/node_modules_next_dist_115brz8._.js:2431
[   16244ms] [WARNING] Image with src "/badges/badge-1-female.png" was detected as the Largest Contentful Paint (LCP). Please add the `loading="eager"` property if this image is above the fold.
Read more: https://nextjs.org/docs/app/api-reference/components/image#loading @ http://localhost:3000/_next/static/chunks/node_modules_next_dist_115brz8._.js:2431
